  Suggestion: Wait for the build to complete.
node.exe : ⨯ Another next build process is already running.
At line:1 char:1
+ & "C:\Program Files\nodejs/node.exe" "C:\Program Files\nodejs/node_mo ...
+ ~~~~~~~~~~~~~~~~~~~~~~~~~~~~~~~~~~~~~~~~~~~~~~~~~~~~~~~~~~~~~~~~~~~~~
    + CategoryInfo          : NotSpecified: (⨯ Another next ...lready running.:String) [], RemoteException
    + FullyQualifiedErrorId : NativeCommandError
 

  This could be:
  - A next build still in progress
  - A previous build that didn't exit cleanly

